[36mvite v6.4.1 [32mbuilding for production...[36m[39m
transforming...
[32mÔ£ô[39m 1780 modules transformed.
rendering chunks...
computing gzip size...
[2mdist/[22m[32mregisterSW.js                        [39m[1m[2m  0.13 kB[22m[1m[22m
[2mdist/[22m[32mmanifest.webmanifest                 [39m[1m[2m  0.52 kB[22m[1m[22m
[2mdist/[22m[32mindex.html                           [39m[1m[2m  2.90 kB[22m[1m[22m[2m Ôöé gzip:   1.19 kB[22m
[2mdist/[22m[35massets/index-BOzsBrSc.css            [39m[1m[2m  1.85 kB[22m[1m[22m[2m Ôöé gzip:   0.77 kB[22m
[2mdist/[22m[36massets/plus-DTfVyWxZ.js              [39m[1m[2m  0.33 kB[22m[1m[22m[2m Ôöé gzip:   0.25 kB[22m
[2mdist/[22m[36massets/search-DWZOf-wW.js            [39m[1m[2m  0.34 kB[22m[1m[22m[2m Ôöé gzip:   0.27 kB[22m
[2mdist/[22m[36massets/droplet-Q0iPiyej.js           [39m[1m[2m  0.38 kB[22m[1m[22m[2m Ôöé gzip:   0.30 kB[22m
[2mdist/[22m[36massets/message-circle-Cgi-lGEY.js    [39m[1m[2m  0.41 kB[22m[1m[22m[2m Ôöé gzip:   0.32 kB[22m
[2mdist/[22m[36massets/send-Bb9VhXLx.js              [39m[1m[2m  0.46 kB[22m[1m[22m[2m Ôöé gzip:   0.34 kB[22m
[2mdist/[22m[36massets/globe-E0xA7Nv6.js             [39m[1m[2m  0.79 kB[22m[1m[22m[2m Ôöé gzip:   0.39 kB[22m
[2mdist/[22m[36massets/Chatbot-COTiwWY8.js           [39m[1m[2m  2.88 kB[22m[1m[22m[2m Ôöé gzip:   1.33 kB[22m
[2mdist/[22m[36massets/Glossary-Bg-bEoPd.js          [39m[1m[2m  7.74 kB[22m[1m[22m[2m Ôöé gzip:   2.76 kB[22m
[2mdist/[22m[36massets/UserProfileEdit-DbbJUsHg.js   [39m[1m[2m  8.58 kB[22m[1m[22m[2m Ôöé gzip:   2.89 kB[22m
[2mdist/[22m[36massets/DreamJournal-i1pfja-t.js      [39m[1m[2m  9.36 kB[22m[1m[22m[2m Ôöé gzip:   3.18 kB[22m
[2mdist/[22m[36massets/Bitacoras-Dwd2Cx0v.js         [39m[1m[2m  9.44 kB[22m[1m[22m[2m Ôöé gzip:   3.24 kB[22m
[2mdist/[22m[36massets/Agenda-vDBLkRHw.js            [39m[1m[2m  9.59 kB[22m[1m[22m[2m Ôöé gzip:   3.24 kB[22m
[2mdist/[22m[36massets/Messages-CkRYOvOP.js          [39m[1m[2m 10.35 kB[22m[1m[22m[2m Ôöé gzip:   3.65 kB[22m
[2mdist/[22m[36massets/Community-C98cWR-s.js         [39m[1m[2m 12.94 kB[22m[1m[22m[2m Ôöé gzip:   4.39 kB[22m
[2mdist/[22m[36massets/constants-CHkaQ89f.js         [39m[1m[2m 18.47 kB[22m[1m[22m[2m Ôöé gzip:   7.91 kB[22m
[2mdist/[22m[36massets/Dashboard-Cyj5zwHo.js         [39m[1m[2m 31.57 kB[22m[1m[22m[2m Ôöé gzip:   8.28 kB[22m
[2mdist/[22m[36massets/MarkdownRenderer-C19BK6K3.js  [39m[1m[2m 33.92 kB[22m[1m[22m[2m Ôöé gzip:  12.30 kB[22m
[2mdist/[22m[36massets/index-CIOL3R7z.js             [39m[1m[33m951.31 kB[39m[22m[2m Ôöé gzip: 281.21 kB[22m
[32mÔ£ô built in 18.53s[39m
node.exe : [33m
En línea: 1 Carácter: 1
+ & "C:\Program 
Files\nodejs/node.exe" 
"C:\Program 
Files\nodejs/node_mo ...
+ ~~~~~~~~~~~~~~~~~~~~~~~~~~~
~~~~~~~~~~~~~~~~~~~~~~~~~~~~~
~~~~~~~~~~~~~
    + CategoryInfo           
   : NotSpecified: ([33m:S  
  tring) [], RemoteExcepti   
 on
    + FullyQualifiedErrorId  
   : NativeCommandError
 
(!) Some chunks are larger 
than 500 kB after 
minification. Consider:
- Using dynamic import() to 
code-split the application
- Use build.rollupOptions.out
put.manualChunks to improve 
chunking: https://rollupjs.or
g/configuration-options/#outp
ut-manualchunks
- Adjust chunk size limit 
for this warning via build.ch
unkSizeWarningLimit.[39m
[31merror during build:
Error: 
  Configure "workbox.maximumF
ileSizeToCacheInBytes" to 
change the limit: the 
default value is 2 MiB.
  Check https://vite-pwa-org.
netlify.app/guide/faq.html#mi
ssing-assets-from-sw-precache
-manifest for more 
information.
  Assets exceeding the limit:
  - favicon/favicon.svg is 
8.08 MB, and won't be 
precached.

    at logWorkboxResult (file
:///C:/Users/JAQ/Documents/Ap
p%20Obsidiana%20egg/obsidiana
2026%20Marzo/obsidiana-app-su
pabase-Pagos-LibroBitacora-Co
munidad-Groq-llama-3.1-70b-ve
rsatile/node_modules/vite-plu
gin-pwa/dist/chunk-G4TAN34B.j
s:44:13)
    at generateServiceWorker 
(file:///C:/Users/JAQ/Documen
ts/App%20Obsidiana%20egg/obsi
diana2026%20Marzo/obsidiana-a
pp-supabase-Pagos-LibroBitaco
ra-Comunidad-Groq-llama-3.1-7
0b-versatile/node_modules/vit
e-plugin-pwa/dist/index.js:20
9:3)
    at async _generateSW (fil
e:///C:/Users/JAQ/Documents/A
pp%20Obsidiana%20egg/obsidian
a2026%20Marzo/obsidiana-app-s
upabase-Pagos-LibroBitacora-C
omunidad-Groq-llama-3.1-70b-v
ersatile/node_modules/vite-pl
ugin-pwa/dist/index.js:234:5)
    at async Object.handler (
file:///C:/Users/JAQ/Document
s/App%20Obsidiana%20egg/obsid
iana2026%20Marzo/obsidiana-ap
p-supabase-Pagos-LibroBitacor
a-Comunidad-Groq-llama-3.1-70
b-versatile/node_modules/vite
-plugin-pwa/dist/index.js:427
:13)
    at async 
PluginDriver.hookParallel (fi
le:///C:/Users/JAQ/Documents/
App%20Obsidiana%20egg/obsidia
na2026%20Marzo/obsidiana-app-
supabase-Pagos-LibroBitacora-
Comunidad-Groq-llama-3.1-70b-
versatile/node_modules/rollup
/dist/es/shared/node-entry.js
:22452:17)
    at async Object.close (fi
le:///C:/Users/JAQ/Documents/
App%20Obsidiana%20egg/obsidia
na2026%20Marzo/obsidiana-app-
supabase-Pagos-LibroBitacora-
Comunidad-Groq-llama-3.1-70b-
versatile/node_modules/rollup
/dist/es/shared/node-entry.js
:23471:13)
    at async 
buildEnvironment (file:///C:/
Users/JAQ/Documents/App%20Obs
idiana%20egg/obsidiana2026%20
Marzo/obsidiana-app-supabase-
Pagos-LibroBitacora-Comunidad
-Groq-llama-3.1-70b-versatile
/node_modules/vite/dist/node/
chunks/dep-D4NMHUTW.js:46258:
17)
    at async 
Object.defaultBuildApp [as 
buildApp] (file:///C:/Users/J
AQ/Documents/App%20Obsidiana%
20egg/obsidiana2026%20Marzo/o
bsidiana-app-supabase-Pagos-L
ibroBitacora-Comunidad-Groq-l
lama-3.1-70b-versatile/node_m
odules/vite/dist/node/chunks/
dep-D4NMHUTW.js:46713:5)
    at async CAC.<anonymous> 
(file:///C:/Users/JAQ/Documen
ts/App%20Obsidiana%20egg/obsi
diana2026%20Marzo/obsidiana-a
pp-supabase-Pagos-LibroBitaco
ra-Comunidad-Groq-llama-3.1-7
0b-versatile/node_modules/vit
e/dist/node/cli.js:863:7)[39
m
